// Jest Snapshot v1, https://goo.gl/fbAQLP

exports[`ColorfulBeads 3 Beads 1`] = `
.emotion-0 {
  margin-top: 40px;
}

<div
  className="emotion-0"
>
  <div
    className="ui red circular label"
    onClick={[Function]}
  />
  <div
    className="ui orange circular label"
    onClick={[Function]}
  />
  <div
    className="ui yellow circular label"
    onClick={[Function]}
  />
</div>
`;
